# **********************************************************
# Copyright (c) 2015 Google, Inc.  All rights reserved.
# **********************************************************
#
# Dr. Memory: the memory debugger
#
# This library is free software; you can redistribute it and/or
# modify it under the terms of the GNU Lesser General Public
# License as published by the Free Software Foundation;
# version 2.1 of the License, and no later version.
#
# This library is distributed in the hope that it will be useful,
# but WITHOUT ANY WARRANTY; without even the implied warranty of
# MERCHANTABILITY or FITNESS FOR A PARTICULAR PURPOSE. See the GNU
# Library General Public License for more details.
#
# You should have received a copy of the GNU Lesser General Public
# License along with this library; if not, write to the Free Software
# Foundation, Inc., 51 Franklin Street, Fifth Floor, Boston, MA 02110-1301 USA.
#
Buffer: 0xdeadbef0 0x00000002 0x00000003 0x00000004
Buffer: 0xbd5b7ddf 0x00000002 0x00000003 0x00000004
Buffer: 0x9c093cce 0x00000002 0x00000003 0x00000004
Buffer: 0x7ab6fbbd 0x00000002 0x00000003 0x00000004
Buffer: 0x5964baac 0x00000002 0x00000003 0x00000004
Buffer: 0x3812799b 0x00000002 0x00000003 0x00000004
Buffer: 0x16c0388a 0x00000002 0x00000003 0x00000004
Buffer: 0xf56df779 0x00000002 0x00000003 0x00000004
Buffer: 0xd41bb668 0x00000002 0x00000003 0x00000004
Buffer: 0xb2c97557 0x00000002 0x00000003 0x00000004
Buffer: 0xdeadbef1 0x00000003 0x00000004
Buffer: 0xbd5b7de0 0x00000003 0x00000004
Buffer: 0x9c093ccf 0x00000003 0x00000004
Buffer: 0x7ab6fbbe 0x00000003 0x00000004
Buffer: 0x5964baad 0x00000003 0x00000004
Buffer: 0x3812799c 0x00000003 0x00000004
Buffer: 0x16c0388b 0x00000003 0x00000004
Buffer: 0xf56df77a 0x00000003 0x00000004
Buffer: 0xd41bb669 0x00000003 0x00000004
Buffer: 0xb2c97558 0x00000003 0x00000004
Buffer: 0xdeadbef2 0x00000004
Buffer: 0xbd5b7de1 0x00000004
Buffer: 0x9c093cd0 0x00000004
Buffer: 0x7ab6fbbf 0x00000004
Buffer: 0x5964baae 0x00000004
Buffer: 0x3812799d 0x00000004
Buffer: 0x16c0388c 0x00000004
Buffer: 0xf56df77b 0x00000004
Buffer: 0xd41bb66a 0x00000004
Buffer: 0xb2c97559 0x00000004
done
~~Dr.M~~ NO ERRORS FOUND:
~~Dr.M~~       0 unique,     0 total unaddressable access(es)
~~Dr.M~~       0 unique,     0 total invalid heap argument(s)
~~Dr.M~~       0 unique,     0 total warning(s)
~~Dr.M~~       0 unique,     0 total,      0 byte(s) of leak(s)
~~Dr.M~~       0 unique,     0 total,      0 byte(s) of possible leak(s)
