# **********************************************************
# Copyright (c) 2015 Google, Inc.  All rights reserved.
# **********************************************************
#
# Dr. Memory: the memory debugger
#
# This library is free software; you can redistribute it and/or
# modify it under the terms of the GNU Lesser General Public
# License as published by the Free Software Foundation;
# version 2.1 of the License, and no later version.
#
# This library is distributed in the hope that it will be useful,
# but WITHOUT ANY WARRANTY; without even the implied warranty of
# MERCHANTABILITY or FITNESS FOR A PARTICULAR PURPOSE. See the GNU
# Library General Public License for more details.
#
# You should have received a copy of the GNU Lesser General Public
# License along with this library; if not, write to the Free Software
# Foundation, Inc., 51 Franklin Street, Fifth Floor, Boston, MA 02110-1301 USA.
#
Buffer: 0x7abcbb5e 0xc6f15f41 0xaebd59a2 0xc375f0ae
Buffer: 0x1e2a8d53 0xbf0b6a4d 0x3bba172d 0x4219a4d0
Buffer: 0x68098542 0x9b2c6a6a 0x24a477bf 0xf5f7587a
Buffer: 0x9b1980cc 0x22b5a0c3 0x4a24873e 0xec21facb
Buffer: 0x7dae47e5 0xc5545412 0x86876ee8 0x34c0aef2
Buffer: 0x1e9217a0 0x88dfe43a 0x5c5c38e4 0xcd3e591b
Buffer: 0xd2e06c21 0xf709bf70 0x4e41486d 0x70a5bbcf
Buffer: 0xb9880d77 0xdb7468e5 0xe2dc40d6 0x9cb4e6b4
Buffer: 0x804ea1e8 0x127a7e56 0xd06bd77b 0x44c019bf
Buffer: 0x0ea60b0a 0x7af14bd6 0xd1de735b 0xe3c4057b
Buffer: 0x7abcbb5e 0xc6f15f41 0xaebd59a2
Buffer: 0x1e2a8d53 0xbf0b6a4d 0x3bba172d
Buffer: 0x68098542 0x9b2c6a6a 0x24a477bf
Buffer: 0x9b1980cc 0x22b5a0c3 0x4a24873e
Buffer: 0x7dae47e5 0xc5545412 0x86876ee8
Buffer: 0x1e9217a0 0x88dfe43a 0x5c5c38e4
Buffer: 0xd2e06c21 0xf709bf70 0x4e41486d
Buffer: 0xb9880d77 0xdb7468e5 0xe2dc40d6
Buffer: 0x804ea1e8 0x127a7e56 0xd06bd77b
Buffer: 0x0ea60b0a 0x7af14bd6 0xd1de735b
Buffer: 0x7abcbb5e 0xc6f15f41
Buffer: 0xaebd59a2 0xc375f0ae
Buffer: 0x1e2a8d53 0xbf0b6a4d
Buffer: 0x3bba172d 0x4219a4d0
Buffer: 0x68098542 0x9b2c6a6a
Buffer: 0x24a477bf 0xf5f7587a
Buffer: 0x9b1980cc 0x22b5a0c3
Buffer: 0x4a24873e 0xec21facb
Buffer: 0x7dae47e5 0xc5545412
Buffer: 0x86876ee8 0x34c0aef2
done
~~Dr.M~~ NO ERRORS FOUND:
~~Dr.M~~       0 unique,     0 total unaddressable access(es)
~~Dr.M~~       0 unique,     0 total invalid heap argument(s)
~~Dr.M~~       0 unique,     0 total warning(s)
~~Dr.M~~       0 unique,     0 total,      0 byte(s) of leak(s)
~~Dr.M~~       0 unique,     0 total,      0 byte(s) of possible leak(s)
