# **********************************************************
# Copyright (c) 2015 Google, Inc.  All rights reserved.
# **********************************************************
#
# Dr. Memory: the memory debugger
#
# This library is free software; you can redistribute it and/or
# modify it under the terms of the GNU Lesser General Public
# License as published by the Free Software Foundation;
# version 2.1 of the License, and no later version.
#
# This library is distributed in the hope that it will be useful,
# but WITHOUT ANY WARRANTY; without even the implied warranty of
# MERCHANTABILITY or FITNESS FOR A PARTICULAR PURPOSE. See the GNU
# Library General Public License for more details.
#
# You should have received a copy of the GNU Lesser General Public
# License along with this library; if not, write to the Free Software
# Foundation, Inc., 51 Franklin Street, Fifth Floor, Boston, MA 02110-1301 USA.
#
Buffer: 0x00000001 0x00000002 0x40000003 0x00000004
Buffer: 0x00000001 0x00000006 0x00000003 0x00000004
Buffer: 0x00000001 0x00000002 0x00080003 0x00000004
Buffer: 0x00000001 0x00002002 0x00000003 0x00000004
Buffer: 0x00000001 0x00000002 0x00000007 0x00000004
Buffer: 0x00000001 0x80000002 0x00000003 0x00000004
Buffer: 0x00000001 0x00000002 0x00001003 0x00000004
Buffer: 0x00000001 0x40000002 0x00000003 0x00000004
Buffer: 0x00000001 0x00000002 0x00000003 0x00000024
Buffer: 0x00000001 0x00000002 0x00000003 0x00000104
Buffer: 0x00000002 0x40000003 0x00000004
Buffer: 0x00000006 0x00000003 0x00000004
Buffer: 0x00000002 0x00080003 0x00000004
Buffer: 0x00000002 0x00000003 0x00002004
Buffer: 0x00000002 0x00000003 0x00000000
Buffer: 0x00000002 0x80000003 0x00000004
Buffer: 0x00000002 0x00001003 0x00000004
Buffer: 0x40000002 0x00000003 0x00000004
Buffer: 0x00000002 0x00000023 0x00000004
Buffer: 0x00000102 0x00000003 0x00000004
Buffer: 0x40000003 0x00000004
Buffer: 0x00000003 0x00000000
Buffer: 0x00080003 0x00000004
Buffer: 0x00000003 0x00002004
Buffer: 0x00000007 0x00000004
Buffer: 0x00000003 0x80000004
Buffer: 0x00001003 0x00000004
Buffer: 0x00000003 0x40000004
Buffer: 0x00000003 0x00000024
Buffer: 0x00000003 0x00000104
done
~~Dr.M~~ NO ERRORS FOUND:
~~Dr.M~~       0 unique,     0 total unaddressable access(es)
~~Dr.M~~       0 unique,     0 total invalid heap argument(s)
~~Dr.M~~       0 unique,     0 total warning(s)
~~Dr.M~~       0 unique,     0 total,      0 byte(s) of leak(s)
~~Dr.M~~       0 unique,     0 total,      0 byte(s) of possible leak(s)
