# **********************************************************
# Copyright (c) 2015 Google, Inc.  All rights reserved.
# **********************************************************
#
# Dr. Memory: the memory debugger
#
# This library is free software; you can redistribute it and/or
# modify it under the terms of the GNU Lesser General Public
# License as published by the Free Software Foundation;
# version 2.1 of the License, and no later version.
#
# This library is distributed in the hope that it will be useful,
# but WITHOUT ANY WARRANTY; without even the implied warranty of
# MERCHANTABILITY or FITNESS FOR A PARTICULAR PURPOSE. See the GNU
# Library General Public License for more details.
#
# You should have received a copy of the GNU Lesser General Public
# License along with this library; if not, write to the Free Software
# Foundation, Inc., 51 Franklin Street, Fifth Floor, Boston, MA 02110-1301 USA.
#
Buffer: 0xc5ee4339 0xb7fb0288 0xe71e2254 0x42fef730
Buffer: 0x1ba14966 0x835d6ba4 0x294127de 0x167e48ff
Buffer: 0x43cea75d 0x142402fc 0x2526d05d 0x740af720
Buffer: 0xba9ceef5 0x04f9767c 0x43aad6f0 0x4556e11e
Buffer: 0xdc3e0fba 0xdf9d0020 0xf9487ae6 0x02e9d501
Buffer: 0xf26382b4 0x140b016b 0xc37a7e80 0xdc43479a
Buffer: 0x28c98aba 0x27969875 0x7a78ad35 0x6f8d1fd2
Buffer: 0x8077a623 0x108ff78d 0x1eb1af39 0x95179b0d
Buffer: 0xf99b2fdb 0x9557b13f 0x420ac04b 0x5835751a
Buffer: 0xa6cd5638 0x07c28b64 0xecebc3ab 0x96f2eaa3
Buffer: 0xc5ee4339 0xb7fb0288 0xe71e2254
Buffer: 0x1ba14966 0x835d6ba4 0x294127de
Buffer: 0x43cea75d 0x142402fc 0x2526d05d
Buffer: 0xba9ceef5 0x04f9767c 0x43aad6f0
Buffer: 0xdc3e0fba 0xdf9d0020 0xf9487ae6
Buffer: 0xf26382b4 0x140b016b 0xc37a7e80
Buffer: 0x28c98aba 0x27969875 0x7a78ad35
Buffer: 0x8077a623 0x108ff78d 0x1eb1af39
Buffer: 0xf99b2fdb 0x9557b13f 0x420ac04b
Buffer: 0xa6cd5638 0x07c28b64 0xecebc3ab
Buffer: 0xc5ee4339 0xb7fb0288
Buffer: 0xe71e2254 0x42fef730
Buffer: 0x1ba14966 0x835d6ba4
Buffer: 0x294127de 0x167e48ff
Buffer: 0x43cea75d 0x142402fc
Buffer: 0x2526d05d 0x740af720
Buffer: 0xba9ceef5 0x04f9767c
Buffer: 0x43aad6f0 0x4556e11e
Buffer: 0xdc3e0fba 0xdf9d0020
Buffer: 0xf9487ae6 0x02e9d501
done
~~Dr.M~~ NO ERRORS FOUND:
~~Dr.M~~       0 unique,     0 total unaddressable access(es)
~~Dr.M~~       0 unique,     0 total invalid heap argument(s)
~~Dr.M~~       0 unique,     0 total warning(s)
~~Dr.M~~       0 unique,     0 total,      0 byte(s) of leak(s)
~~Dr.M~~       0 unique,     0 total,      0 byte(s) of possible leak(s)
