# **********************************************************
# Copyright (c) 2015-2016 Google, Inc.  All rights reserved.
# **********************************************************
#
# Dr. Memory: the memory debugger
#
# This library is free software; you can redistribute it and/or
# modify it under the terms of the GNU Lesser General Public
# License as published by the Free Software Foundation;
# version 2.1 of the License, and no later version.
#
# This library is distributed in the hope that it will be useful,
# but WITHOUT ANY WARRANTY; without even the implied warranty of
# MERCHANTABILITY or FITNESS FOR A PARTICULAR PURPOSE. See the GNU
# Library General Public License for more details.
#
# You should have received a copy of the GNU Lesser General Public
# License along with this library; if not, write to the Free Software
# Foundation, Inc., 51 Franklin Street, Fifth Floor, Boston, MA 02110-1301 USA.
#
success
~~Dr.M~~ ERRORS FOUND:
%if !MACOS
~~Dr.M~~       6 unique,     6 total unaddressable access(es)
%endif
%if MACOS
~~Dr.M~~       4 unique,     4 total unaddressable access(es)
%endif
~~Dr.M~~       0 unique,     0 total invalid heap argument(s)
~~Dr.M~~       1 unique,     1 total warning(s)
