# **********************************************************
# Copyright (c) 2009-2010 VMware, Inc.  All rights reserved.
# **********************************************************
#
# Dr. Memory: the memory debugger
#
# This library is free software; you can redistribute it and/or
# modify it under the terms of the GNU Lesser General Public
# License as published by the Free Software Foundation;
# version 2.1 of the License, and no later version.
#
# This library is distributed in the hope that it will be useful,
# but WITHOUT ANY WARRANTY; without even the implied warranty of
# MERCHANTABILITY or FITNESS FOR A PARTICULAR PURPOSE. See the GNU
# Library General Public License for more details.
#
# You should have received a copy of the GNU Lesser General Public
# License along with this library; if not, write to the Free Software
# Foundation, Inc., 51 Franklin Street, Fifth Floor, Boston, MA 02110-1301 USA.
#
Starting
Exiting
~~Dr.M~~ ERRORS FOUND:
~~Dr.M~~       1 unique,     1 total unaddressable access(es)
~~Dr.M~~       1 unique,     2 total uninitialized access(es)
~~Dr.M~~       0 unique,     0 total invalid heap argument(s)
~~Dr.M~~       0 unique,     0 total warning(s)
# FIXME i#683: This is the FLS of the still-live threads which we sometimes
# can't find the root for.
%ANYLINE
~~Dr.M~~       0 unique,     0 total,      0 byte(s) of leak(s)
~~Dr.M~~       1 unique,     1 total,    532 byte(s) of leak(s)
~~Dr.M~~       1 unique,     2 total,   1064 byte(s) of leak(s)
~~Dr.M~~       1 unique,     3 total,   1596 byte(s) of leak(s)
%ENDANYLINE
~~Dr.M~~       0 unique,     0 total,      0 byte(s) of possible leak(s)
